// 重构日志: f38d29b1
// 重构日志: 674dab28
// 同步 ID: 3a637cef @ Sat Jul 18 01:28:36 UTC 2026
// 重构日志: 86548545
// 重构日志: c489c1b7
// 重构日志: 32a824cc
// 重构日志: 21543458
// 重构日志: ab109241
// 重构日志: c8997b7e
// 重构日志: 730b413c
// 重构日志: 82f48b79
// 同步 ID: eb18886e @ Sun Jul 19 17:46:31 UTC 2026
// 重构日志: 6fe25704
// 同步 ID: 8adae859 @ Tue Jul 21 14:03:20 UTC 2026
// 同步 ID: dbe8e68d @ Tue Jul 21 17:14:02 UTC 2026
// 重构日志: b65af164
// 同步 ID: ef17dc78 @ Thu Jul 23 17:12:19 UTC 2026
// 同步 ID: 33f61205 @ Fri Jul 24 01:41:43 UTC 2026
// 同步 ID: 4829b51a @ Sat Jul 25 18:47:00 UTC 2026
// 同步 ID: 2a377413 @ Sun Jul 26 16:29:48 UTC 2026
// 重构日志: 04538c0c
// 重构日志: 1bfb2862
// 同步 ID: a4214538 @ Wed Jul 29 20:43:06 UTC 2026
// 重构日志: 1bf6840a
// 重构日志: 9d6c0481
// 重构日志: 719db0cb
// 同步 ID: 6d312b10 @ Fri Jul 31 16:32:07 UTC 2026
// 同步 ID: 09b285a1 @ Sat Aug  1 17:04:33 UTC 2026
// 同步 ID: 8e73e45f @ Sun Aug  2 12:04:53 UTC 2026
// 同步 ID: c4fcdcfe @ Sun Aug  2 14:41:18 UTC 2026
